6: RetType ->  VOID
33: Type -> BOOL
11: FormalDecl -> Type ID
9: FormalsList -> FormalDecl
8: Formals -> FormalsList
36: Exp -> ID
40: Exp -> STRING
29: ExpList -> Exp
27: Call -> ID LPAREN ExpList RPAREN
18: Statement -> Call SC
21: Statement -> IF LPAREN Exp RPAREN Statement
12: Statements -> Statement
4: FuncDecl -> RetType ID LPAREN Formals RPAREN LBRACE Statements RBRACE
2: Funcs -> epsilon
3: Funcs -> FuncDecl Funcs
1: Program -> Funcs
