5: RetType -> Type
line 1: lexical error
line 1: lexical error
Parse Error: syntax error
