6: RetType ->  VOID
7: Formals -> epsilon
31: Type -> INT
38: Exp -> NUM
38: Exp -> NUM
46: Exp -> Exp RELOP Exp
16: Statement -> Type ID ASSIGN Exp SC
12: Statements -> Statement
31: Type -> INT
38: Exp -> NUM
38: Exp -> NUM
38: Exp -> NUM
46: Exp -> Exp RELOP Exp
45: Exp -> Exp OR Exp
34: Exp -> LPAREN Exp RPAREN
38: Exp -> NUM
38: Exp -> NUM
38: Exp -> NUM
38: Exp -> NUM
38: Exp -> NUM
43: Exp -> NOT Exp
46: Exp -> Exp RELOP Exp
43: Exp -> NOT Exp
35: Exp -> Exp BINOP Exp
35: Exp -> Exp BINOP Exp
46: Exp -> Exp RELOP Exp
34: Exp -> LPAREN Exp RPAREN
38: Exp -> NUM
34: Exp -> LPAREN Exp RPAREN
38: Exp -> NUM
46: Exp -> Exp RELOP Exp
34: Exp -> LPAREN Exp RPAREN
38: Exp -> NUM
38: Exp -> NUM
46: Exp -> Exp RELOP Exp
34: Exp -> LPAREN Exp RPAREN
46: Exp -> Exp RELOP Exp
34: Exp -> LPAREN Exp RPAREN
46: Exp -> Exp RELOP Exp
34: Exp -> LPAREN Exp RPAREN
46: Exp -> Exp RELOP Exp
34: Exp -> LPAREN Exp RPAREN
38: Exp -> NUM
38: Exp -> NUM
46: Exp -> Exp RELOP Exp
34: Exp -> LPAREN Exp RPAREN
38: Exp -> NUM
38: Exp -> NUM
46: Exp -> Exp RELOP Exp
34: Exp -> LPAREN Exp RPAREN
38: Exp -> NUM
38: Exp -> NUM
46: Exp -> Exp RELOP Exp
34: Exp -> LPAREN Exp RPAREN
46: Exp -> Exp RELOP Exp
34: Exp -> LPAREN Exp RPAREN
38: Exp -> NUM
38: Exp -> NUM
46: Exp -> Exp RELOP Exp
34: Exp -> LPAREN Exp RPAREN
38: Exp -> NUM
38: Exp -> NUM
46: Exp -> Exp RELOP Exp
34: Exp -> LPAREN Exp RPAREN
38: Exp -> NUM
38: Exp -> NUM
46: Exp -> Exp RELOP Exp
34: Exp -> LPAREN Exp RPAREN
46: Exp -> Exp RELOP Exp
34: Exp -> LPAREN Exp RPAREN
38: Exp -> NUM
38: Exp -> NUM
38: Exp -> NUM
45: Exp -> Exp OR Exp
34: Exp -> LPAREN Exp RPAREN
46: Exp -> Exp RELOP Exp
34: Exp -> LPAREN Exp RPAREN
46: Exp -> Exp RELOP Exp
34: Exp -> LPAREN Exp RPAREN
38: Exp -> NUM
38: Exp -> NUM
34: Exp -> LPAREN Exp RPAREN
46: Exp -> Exp RELOP Exp
34: Exp -> LPAREN Exp RPAREN
38: Exp -> NUM
38: Exp -> NUM
46: Exp -> Exp RELOP Exp
34: Exp -> LPAREN Exp RPAREN
38: Exp -> NUM
38: Exp -> NUM
line 4: syntax error
