31: Type -> INT
5: RetType -> Type
7: Formals -> epsilon
38: Exp -> NUM
38: Exp -> NUM
46: Exp -> Exp RELOP Exp
31: Type -> INT
38: Exp -> NUM
38: Exp -> NUM
46: Exp -> Exp RELOP Exp
16: Statement -> Type ID ASSIGN Exp SC
12: Statements -> Statement
31: Type -> INT
38: Exp -> NUM
38: Exp -> NUM
46: Exp -> Exp RELOP Exp
16: Statement -> Type ID ASSIGN Exp SC
13: Statements -> Statements Statement
14: Statement -> LBRACE Statements RBRACE
23: Statement -> WHILE LPAREN Exp RPAREN Statement
12: Statements -> Statement
38: Exp -> NUM
38: Exp -> NUM
38: Exp -> NUM
38: Exp -> NUM
46: Exp -> Exp RELOP Exp
43: Exp -> NOT Exp
35: Exp -> Exp BINOP Exp
43: Exp -> NOT Exp
46: Exp -> Exp RELOP Exp
31: Type -> INT
38: Exp -> NUM
38: Exp -> NUM
38: Exp -> NUM
35: Exp -> Exp BINOP Exp
38: Exp -> NUM
35: Exp -> Exp BINOP Exp
line 4: syntax error
